// Vitest Snapshot v1, https://vitest.dev/guide/snapshot.html

exports[`Pagination > should update the page button range when the current page is changed. 1`] = `{}`;
